// Jest Snapshot v1, https://goo.gl/fbAQLP

exports[`<MainMenu /> should render correctly 1`] = `
<div
  className="row main-menu-component no-print"
>
  <div
    className="container type-nav-primair"
  >
    <nav>
      <ul
        className="links horizontal"
      >
        <li>
          <NavLink
            activeClassName="active"
            to="/"
          >
            <span
              className="linklabel"
            >
              <FormattedMessage
                defaultMessage="Home"
                id="boilerplate.components.Header.home"
                values={Object {}}
              />
            </span>
          </NavLink>
        </li>
      </ul>
    </nav>
  </div>
</div>
`;
